---
title : 磁盘分区
categories : 
 - Linux 
tags :
	- Linux
---

## Part.1 常见实用概念解释

### 硬盘的构成

- 盘片: 硬盘包含多个盘片，每个盘片包含两个面，每个盘面都对应地有一个读/写磁头（Head，简写为H）
- 盘面: 盘片的编号自下向上从0开始，如最下边的盘片有0面和1面，再上一个盘片就编号为2面和3面。
- 主轴马达:控制盘片转动,切换扇区
- 机械手臂:控制磁头移动,切换磁轨
- 磁头:对盘片表面的存储介质进行加磁和掉磁，实现数据的读写
- 扇区:sector 磁盘的最小物理存储单位,以前为512bytes,现在已实现4kbytes
- 磁轨:track,连续sector组成的空心圆
- 启动扇区:最外层磁轨的第一扇区
- 磁柱:cylinder 多个盘片堆叠时，俯视，可以把同一磁轨组成的空心圆柱视为一个磁柱
- 固件:firmware 可以理解为持久化到只读存储器上的一段程序

### 其它

MBR master boot recorder  开机管理程序
LBA logical block address 逻辑区块地址

### 磁盘分区表格式|磁盘分区形式

- MSDOS   64bytes + 448bytes = 512bytes  (64bytes存储硬盘分区磁柱划分记录，448bytes存储MBR)
- GPT     LAB0 +  LAB1 -- LAB34 ... ... LAB-34 -- LAB-1

Tips:因为只有64bytes可以用来存储硬盘分区信息，所以一个硬盘最多只能划分为四个主分区

### 磁盘分区

在linux中，一切皆文件，所以硬盘在Linux的目录中也被冠以一个字符串表示,该名称格式可以用`xxZN`格式描述

- xx 代表硬盘的种类 比如sd代表SCSI/SATA硬盘，hd代表IDE硬盘，vd表示virtio 硬盘（一般存在于虚拟主机中）
- Z  表示第几块硬盘  比如 /dev/sda 表示第一个 SCSI/IDE 盘，/dev/vda 表示第一个 virtio 磁盘
- N  表示硬盘的主分区号 /dev/sda1 表示第一个SATA硬盘的第一个分区，/dev/sda1 表示第一个SATA硬盘的第二个分区

	[root@vagrant-centos65 ~]$>df -h
	Filesystem      Size  Used Avail Use% Mounted on
	/dev/sda1       7.9G  5.7G  1.8G  77% /
	tmpfs           295M     0  295M   0% /dev/shm
	vagrant         124G   29G   95G  24% /vagrant
	home_www        124G   29G   95G  24% /home/www

例如 现在我有一块SATA硬盘，划分为两个主分区

	/dev/sda1
	/dev/sda2

第二个主分区作为扩展分区(Extended Partition)，可以对扩展分区进行逻辑分区(Logical partition)，`L1`、`L2` ,逻辑分区的装置名从5开始使用

那么此时，查看硬盘的装置名

	/dev/sda1
	/dev/sda2(进入sda2时,使用的是扩展分区内未被逻辑分区划分的磁柱)
		--/dev/sda5
		--/dev/sda6

`sda3`、`sda4` 装置名保留给主分区使用。这个逻辑分区有点二生三，三生万物的意思哈

Tips:扩展分区最多只能有一个，操作系统的限制

### 开机运行的第一个固件

- BIOS   16位的汇编程序编写
- UEFI   C语言编写

## Part.2 开机过程描述

1. 接通电源
1. 主板上的固件(BIOS|UEFI)通电后启动
1. BIOS按顺序检测与主板相连的硬盘
1. 读取第一个硬盘的第一个扇区中的MBR(开机管理程序是在安装操作系统时,由操作系统提供)
1. 开机管理程序load操作系统的核心文件，操作系统开始运行

## Part.3 Linux上如何查看硬盘使用

Cmd.1 查看系统已挂载磁盘的文件系统使用情况

	[root@vagrant-centos65 ~]$>df -h
	Filesystem      Size  Used Avail Use% Mounted on
	/dev/sda1       7.9G  5.7G  1.8G  77% /
	tmpfs           295M     0  295M   0% /dev/shm
	vagrant         124G   29G   95G  24% /vagrant
	home_www        124G   29G   95G  24% /home/www

有tmpfs字样的是临时文件系统，系统断电后数据不保存

Cmd.2 查看系统检测到的磁盘以及使用情况

	[root@vagrant-centos65 ~]$>fdisk -l

	Disk /dev/sda: 8589 MB, 8589934592 bytes
	255 heads, 63 sectors/track, 1044 cylinders
	Units = cylinders of 16065 * 512 = 8225280 bytes
	Sector size (logical/physical): 512 bytes / 512 bytes
	I/O size (minimum/optimal): 512 bytes / 512 bytes
	Disk identifier: 0x000536cf

	   Device Boot      Start         End      Blocks   Id  System
	/dev/sda1   *           1        1045     8387584   83  Linux

	Disk /dev/sdb: 1285 MB, 1285554176 bytes
	75 heads, 46 sectors/track, 727 cylinders
	Units = cylinders of 3450 * 512 = 1766400 bytes
	Sector size (logical/physical): 512 bytes / 512 bytes
	I/O size (minimum/optimal): 512 bytes / 512 bytes
	Disk identifier: 0x0007307e

	   Device Boot      Start         End      Blocks   Id  System
	/dev/sdb1               1         728     1254400   82  Linux swap / Solaris
	Partition 1 has different physical/logical beginnings (non-Linux?):
	     phys=(0, 32, 33) logical=(0, 44, 25)
	Partition 1 has different physical/logical endings:
	     phys=(156, 74, 46) logical=(727, 58, 30)


fdisk 只能操作MBR分区格式的硬盘，对于GPT分区格式的需要使用其它工具

Cmd.3 查看swap与主存的使用情况

	[root@vagrant-centos65 ~]$>free -m
    total       used       free     shared    buffers     cached
	Mem:           589        190        398          0         19         82
	-/+ buffers/cache:         89        500
	Swap:         1224          0       1224

Cmd.4 查看某一文件占用空间大小

	du -sh filename

## Part.4 硬盘空间不足引发的实际问题

mysql: Got error 28 from storage engine

## 附录 参考资料

- https://www.cnblogs.com/dream-for/p/5137637.html
- https://blog.csdn.net/fyfcauc/article/details/39576065
- 鸟哥的Linux私房菜-基础版
